settings_start
    layers_amount 1
settings_end
object_start
    object hero0
        layer 0
        position 200 200
        origin_mode auto
        origin 50 200
        object_type hero
        collision_type null
        sprite_type hero
        animation_type hold
        frame_duration 100

    object stone1
        layer 0
        position -200 -200
        origin_mode auto
        origin 100 -200
        object_type stone
        collision_type stone
        sprite_type stone
        animation_type hold
        frame_duration 1

    object stone2
        layer 0
        position -490 167
        origin_mode auto
        origin 100 167
        object_type stone
        collision_type stone
        sprite_type stone
        animation_type hold
        frame_duration 1

    object stone3
        layer 0
        position 246 -128
        origin_mode auto
        origin 100 -128
        object_type stone
        collision_type stone
        sprite_type stone
        animation_type hold
        frame_duration 1

    object stone4
        layer 0
        position -90 129
        origin_mode auto
        origin 100 129
        object_type stone
        collision_type stone
        sprite_type stone
        animation_type hold
        frame_duration 1

object_end
